System Bootstrap, Version 12.1(3r)T2, RELEASE SOFTWARE (fc1)
Copyright (c) 2000 by cisco Systems, Inc.
cisco 2811 (MPC860) processor (revision 0x200) with 60416K/5120K bytes of memory

Readonly ROMMON initialized

program load complete, entry point: 0x8000f000, size: 0xc940
program load complete, entry point: 0x8000f000, size: 0xc940

program load complete, entry point: 0x8000f000, size: 0x3ed1338
Self decompressing the image :
########################################################################## [OK]
              Restricted Rights Legend

Use, duplication, or disclosure by the Government is
subject to restrictions as set forth in subparagraph
(c) of the Commercial Computer Software - Restricted
Rights clause at FAR sec. 52.227-19 and subparagraph
(c) (1) (ii) of the Rights in Technical Data and Computer
Software clause at DFARS sec. 252.227-7013.

           cisco Systems, Inc.
           170 West Tasman Drive
           San Jose, California 95134-1706



Cisco IOS Software, 2800 Software (C2800NM-ADVIPSERVICESK9-M), Version 12.4(15)T1, RELEASE SOFTWARE (fc2)
Technical Support: http://www.cisco.com/techsupport
Copyright (c) 1986-2007 by Cisco Systems, Inc.
Compiled Wed 18-Jul-07 06:21 by pt_rel_team
Image text-base: 0x400A925C, data-base: 0x4372CE20

This product contains cryptographic features and is subject to United
States and local country laws governing import, export, transfer and
use. Delivery of Cisco cryptographic products does not imply
third-party authority to import, export, distribute or use encryption.
Importers, exporters, distributors and users are responsible for
compliance with U.S. and local country laws. By using this product you
agree to comply with applicable laws and regulations. If you are unable
to comply with U.S. and local laws, return this product immediately.

A summary of U.S. laws governing Cisco cryptographic products may be found at:
http://www.cisco.com/wwl/export/crypto/tool/stqrg.html

If you require further assistance please contact us by sending email to
export@cisco.com.
cisco 2811 (MPC860) processor (revision 0x200) with 60416K/5120K bytes of memory
Processor board ID JAD05190MTZ (4292891495)
M860 processor: part number 0, mask 49
2 FastEthernet/IEEE 802.3 interface(s)
239K bytes of non-volatile configuration memory.
62720K bytes of  ATA CompactFlash (Read/Write)
Cisco IOS Software, 2800 Software (C2800NM-ADVIPSERVICESK9-M), Version 12.4(15)T1, RELEASE SOFTWARE (fc2)
Technical Support: http://www.cisco.com/techsupport
Copyright (c) 1986-2007 by Cisco Systems, Inc.
Compiled Wed 18-Jul-07 06:21 by pt_rel_team


         --- System Configuration Dialog ---

Would you like to enter the initial configuration dialog? [yes/no]: n


Press RETURN to get started!



Router>en
Router>enable 
Router#show ip interface brief
Interface              IP-Address      OK? Method Status                Protocol 
FastEthernet0/0        unassigned      YES unset  administratively down down 
FastEthernet0/1        unassigned      YES unset  administratively down down 
Vlan1                  unassigned      YES unset  administratively down down
Router#configure terminal
Enter configuration commands, one per line.  End with CNTL/Z.
Router(config)#ip int
Router(config)#inter
Router(config)#interface Fa
Router(config)#interface FastEthernet
% Incomplete command.
Router(config)#interface FastEthernet 0/0
Router(config-if)#ip addre
Router(config-if)#ip address 192.168.1.1 255.255.255.0
Router(config-if)#no shu
Router(config-if)#no shutdown 

Router(config-if)#
%LINK-5-CHANGED: Interface FastEthernet0/0, changed state to up

%LINEPROTO-5-UPDOWN: Line protocol on Interface FastEthernet0/0, changed state to up

Router(config-if)#exit
Router(config)#
Router#
%SYS-5-CONFIG_I: Configured from console by console

Router#configure term
Router#configure terminal 
Enter configuration commands, one per line.  End with CNTL/Z.
Router(config)#interface Fas
Router(config)#interface FastEthernet 0/1
Router(config-if)#
Router#
%SYS-5-CONFIG_I: Configured from console by console

Router#configure term
Router#configure terminal 
Enter configuration commands, one per line.  End with CNTL/Z.
Router(config)#interface Fa
Router(config)#interface FastEthernet 
% Incomplete command.
Router(config)#interface FastEthernet 0/1
Router(config-if)#ip add
Router(config-if)#ip address  192.168.2.1 255.255.255.0
Router(config-if)#noshutdown
                    ^
% Invalid input detected at '^' marker.
	
Router(config-if)#no shutdown

Router(config-if)#
%LINK-5-CHANGED: Interface FastEthernet0/1, changed state to up

%LINEPROTO-5-UPDOWN: Line protocol on Interface FastEthernet0/1, changed state to up

Router(config-if)#show ip interface brief
                    ^
% Invalid input detected at '^' marker.
	
Router(config-if)#show ip interface brief
                    ^
% Invalid input detected at '^' marker.
	
Router(config-if)#exit
Router(config)#show ip interface brief
                ^
% Invalid input detected at '^' marker.
	
Router(config)#exit
Router#
%SYS-5-CONFIG_I: Configured from console by console
show ip inter
Router#show ip interface  brief
Router#show ip interface  brief 
Interface              IP-Address      OK? Method Status                Protocol 
FastEthernet0/0        192.168.1.1     YES manual up                    up 
FastEthernet0/1        192.168.2.1     YES manual up                    up 
Vlan1                  unassigned      YES unset  administratively down down
Router#%IP-4-DUPADDR: Duplicate address 192.168.1.1 on FastEthernet0/0, sourced by 00D0.FF7B.B0A3
%IP-4-DUPADDR: Duplicate address 192.168.2.1 on FastEthernet0/1, sourced by 0010.114E.C593









Router con0 is now available






Press RETURN to get started.









